[filemanager] config changed rootPath='D:\git\x-admin\data' toolPath='D:\git\x-admin\hosts\xadmin\plugin\filemanager\tools' temp='D:\git\x-admin\hosts\xadmin\data\plugin\filemanager\temp' thumb='D:\git\x-admin\hosts\xadmin\data\plugin\filemanager\thumbnail'
[filemanager] list request path='' rootMode=0 isRootList=1 resolved='D:\git\x-admin\data\'
[filemanager] list response count=0
[filemanager] list request path='' rootMode=0 isRootList=1 resolved='D:\git\x-admin\data\'
[filemanager] list response count=0
[filemanager] list request path='' rootMode=0 isRootList=1 resolved='D:\git\x-admin\data\'
[filemanager] list response count=0
[filemanager] list request path='' rootMode=0 isRootList=1 resolved='D:\git\x-admin\data\'
[filemanager] list response count=0
[filemanager] list request path='' rootMode=0 isRootList=1 resolved='D:\git\x-admin\data\'
[filemanager] list response count=0
[filemanager] list request path='' rootMode=0 isRootList=1 resolved='D:\git\x-admin\data\'
[filemanager] list response count=0
[filemanager] list request path='' rootMode=0 isRootList=1 resolved='D:\git\x-admin\data\'
[filemanager] list response count=0
[filemanager] config changed rootPath='*' toolPath='D:\git\x-admin\hosts\xadmin\plugin\filemanager\tools' temp='D:\git\x-admin\hosts\xadmin\data\plugin\filemanager\temp' thumb='D:\git\x-admin\hosts\xadmin\data\plugin\filemanager\thumbnail'
[filemanager] list request path='' rootMode=1 isRootList=1 resolved='(null)'
[filemanager] list response count=3
[filemanager] list request path='' rootMode=1 isRootList=1 resolved='(null)'
[filemanager] list response count=3
[filemanager] list request path='D:' rootMode=1 isRootList=0 resolved='D:\'
[filemanager] list response count=18
[filemanager] list request path='D:/其他Git' rootMode=1 isRootList=0 resolved='D:\其他Git'
[filemanager] list response count=4
[filemanager] list request path='D:/其他Git/FontMaker' rootMode=1 isRootList=0 resolved='D:\其他Git\FontMaker'
[filemanager] list response count=11
[filemanager] list request path='D:/其他Git/FontMaker/bin' rootMode=1 isRootList=0 resolved='D:\其他Git\FontMaker\bin'
[filemanager] list response count=2
[filemanager] list request path='D:/其他Git' rootMode=1 isRootList=0 resolved='D:\其他Git'
[filemanager] list response count=4
[filemanager] list request path='D:' rootMode=1 isRootList=0 resolved='D:\'
[filemanager] list response count=18
[filemanager] list request path='' rootMode=1 isRootList=1 resolved='(null)'
[filemanager] list response count=3
[filemanager] list request path='C:' rootMode=1 isRootList=0 resolved='C:\'
[filemanager] list response count=14
[filemanager] list request path='' rootMode=1 isRootList=1 resolved='(null)'
[filemanager] list response count=3
[filemanager] list request path='D:' rootMode=1 isRootList=0 resolved='D:\'
[filemanager] list response count=18
[filemanager] list request path='D:/旧代码' rootMode=1 isRootList=0 resolved='D:\旧代码'
[filemanager] list response count=18
[filemanager] list request path='D:/旧代码' rootMode=1 isRootList=0 resolved='D:\旧代码'
[filemanager] list response count=18
[filemanager] list request path='D:/旧代码' rootMode=1 isRootList=0 resolved='D:\旧代码'
[filemanager] list response count=18
[filemanager] list request path='D:/旧代码' rootMode=1 isRootList=0 resolved='D:\旧代码'
[filemanager] list response count=18
[filemanager] list request path='D:' rootMode=1 isRootList=0 resolved='D:\'
[filemanager] list response count=18
[filemanager] list request path='D:' rootMode=1 isRootList=0 resolved='D:\'
[filemanager] list response count=19
[filemanager] list request path='D:' rootMode=1 isRootList=0 resolved='D:\'
[filemanager] list response count=18
[filemanager] list request path='D:' rootMode=1 isRootList=0 resolved='D:\'
[filemanager] list response count=18
[filemanager] list request path='D:' rootMode=1 isRootList=0 resolved='D:\'
[filemanager] list response count=19
